Analysis & Synthesis report for main
Wed Jun 14 15:47:44 2023
Quartus II 64-Bit Version 13.0.1 Build 232 06/12/2013 Service Pack 1 SJ Web Edition


---------------------
; Table of Contents ;
---------------------
  1. Legal Notice
  2. Analysis & Synthesis Summary
  3. Analysis & Synthesis Settings
  4. Parallel Compilation
  5. Analysis & Synthesis Source Files Read
  6. Analysis & Synthesis Resource Usage Summary
  7. Analysis & Synthesis Resource Utilization by Entity
  8. General Register Statistics
  9. Multiplexer Restructuring Statistics (Restructuring Performed)
 10. Elapsed Time Per Partition
 11. Analysis & Synthesis Messages



----------------
; Legal Notice ;
----------------
Copyright (C) 1991-2013 Altera Corporation
Your use of Altera Corporation's design tools, logic functions 
and other software and tools, and its AMPP partner logic 
functions, and any output files from any of the foregoing 
(including device programming or simulation files), and any 
associated documentation or information are expressly subject 
to the terms and conditions of the Altera Program License 
Subscription Agreement, Altera MegaCore Function License 
Agreement, or other applicable license agreement, including, 
without limitation, that your use is for the sole purpose of 
programming logic devices manufactured by Altera and sold by 
Altera or its authorized distributors.  Please refer to the 
applicable agreement for further details.



+--------------------------------------------------------------------------------------+
; Analysis & Synthesis Summary                                                         ;
+------------------------------------+-------------------------------------------------+
; Analysis & Synthesis Status        ; Successful - Wed Jun 14 15:47:44 2023           ;
; Quartus II 64-Bit Version          ; 13.0.1 Build 232 06/12/2013 SP 1 SJ Web Edition ;
; Revision Name                      ; main                                            ;
; Top-level Entity Name              ; ALU_16bit                                       ;
; Family                             ; Cyclone II                                      ;
; Total logic elements               ; 186                                             ;
;     Total combinational functions  ; 186                                             ;
;     Dedicated logic registers      ; 0                                               ;
; Total registers                    ; 0                                               ;
; Total pins                         ; 53                                              ;
; Total virtual pins                 ; 0                                               ;
; Total memory bits                  ; 0                                               ;
; Embedded Multiplier 9-bit elements ; 0                                               ;
; Total PLLs                         ; 0                                               ;
+------------------------------------+-------------------------------------------------+


+----------------------------------------------------------------------------------------------------------------------+
; Analysis & Synthesis Settings                                                                                        ;
+----------------------------------------------------------------------------+--------------------+--------------------+
; Option                                                                     ; Setting            ; Default Value      ;
+----------------------------------------------------------------------------+--------------------+--------------------+
; Device                                                                     ; EP2C35F672C6       ;                    ;
; Top-level entity name                                                      ; ALU_16bit          ; main               ;
; Family name                                                                ; Cyclone II         ; Cyclone IV GX      ;
; Use smart compilation                                                      ; Off                ; Off                ;
; Enable parallel Assembler and TimeQuest Timing Analyzer during compilation ; On                 ; On                 ;
; Enable compact report table                                                ; Off                ; Off                ;
; Restructure Multiplexers                                                   ; Auto               ; Auto               ;
; Create Debugging Nodes for IP Cores                                        ; Off                ; Off                ;
; Preserve fewer node names                                                  ; On                 ; On                 ;
; Disable OpenCore Plus hardware evaluation                                  ; Off                ; Off                ;
; Verilog Version                                                            ; Verilog_2001       ; Verilog_2001       ;
; VHDL Version                                                               ; VHDL_1993          ; VHDL_1993          ;
; State Machine Processing                                                   ; Auto               ; Auto               ;
; Safe State Machine                                                         ; Off                ; Off                ;
; Extract Verilog State Machines                                             ; On                 ; On                 ;
; Extract VHDL State Machines                                                ; On                 ; On                 ;
; Ignore Verilog initial constructs                                          ; Off                ; Off                ;
; Iteration limit for constant Verilog loops                                 ; 5000               ; 5000               ;
; Iteration limit for non-constant Verilog loops                             ; 250                ; 250                ;
; Add Pass-Through Logic to Inferred RAMs                                    ; On                 ; On                 ;
; Infer RAMs from Raw Logic                                                  ; On                 ; On                 ;
; Parallel Synthesis                                                         ; On                 ; On                 ;
; DSP Block Balancing                                                        ; Auto               ; Auto               ;
; NOT Gate Push-Back                                                         ; On                 ; On                 ;
; Power-Up Don't Care                                                        ; On                 ; On                 ;
; Remove Redundant Logic Cells                                               ; Off                ; Off                ;
; Remove Duplicate Registers                                                 ; On                 ; On                 ;
; Ignore CARRY Buffers                                                       ; Off                ; Off                ;
; Ignore CASCADE Buffers                                                     ; Off                ; Off                ;
; Ignore GLOBAL Buffers                                                      ; Off                ; Off                ;
; Ignore ROW GLOBAL Buffers                                                  ; Off                ; Off                ;
; Ignore LCELL Buffers                                                       ; Off                ; Off                ;
; Ignore SOFT Buffers                                                        ; On                 ; On                 ;
; Limit AHDL Integers to 32 Bits                                             ; Off                ; Off                ;
; Optimization Technique                                                     ; Balanced           ; Balanced           ;
; Carry Chain Length                                                         ; 70                 ; 70                 ;
; Auto Carry Chains                                                          ; On                 ; On                 ;
; Auto Open-Drain Pins                                                       ; On                 ; On                 ;
; Perform WYSIWYG Primitive Resynthesis                                      ; Off                ; Off                ;
; Auto ROM Replacement                                                       ; On                 ; On                 ;
; Auto RAM Replacement                                                       ; On                 ; On                 ;
; Auto Shift Register Replacement                                            ; Auto               ; Auto               ;
; Allow Shift Register Merging across Hierarchies                            ; Auto               ; Auto               ;
; Auto Clock Enable Replacement                                              ; On                 ; On                 ;
; Strict RAM Replacement                                                     ; Off                ; Off                ;
; Allow Synchronous Control Signals                                          ; On                 ; On                 ;
; Force Use of Synchronous Clear Signals                                     ; Off                ; Off                ;
; Auto RAM to Logic Cell Conversion                                          ; Off                ; Off                ;
; Auto Resource Sharing                                                      ; Off                ; Off                ;
; Allow Any RAM Size For Recognition                                         ; Off                ; Off                ;
; Allow Any ROM Size For Recognition                                         ; Off                ; Off                ;
; Allow Any Shift Register Size For Recognition                              ; Off                ; Off                ;
; Use LogicLock Constraints during Resource Balancing                        ; On                 ; On                 ;
; Ignore translate_off and synthesis_off directives                          ; Off                ; Off                ;
; Timing-Driven Synthesis                                                    ; Off                ; Off                ;
; Report Parameter Settings                                                  ; On                 ; On                 ;
; Report Source Assignments                                                  ; On                 ; On                 ;
; Report Connectivity Checks                                                 ; On                 ; On                 ;
; Ignore Maximum Fan-Out Assignments                                         ; Off                ; Off                ;
; Synchronization Register Chain Length                                      ; 2                  ; 2                  ;
; PowerPlay Power Optimization                                               ; Normal compilation ; Normal compilation ;
; HDL message level                                                          ; Level2             ; Level2             ;
; Suppress Register Optimization Related Messages                            ; Off                ; Off                ;
; Number of Removed Registers Reported in Synthesis Report                   ; 5000               ; 5000               ;
; Number of Swept Nodes Reported in Synthesis Report                         ; 5000               ; 5000               ;
; Number of Inverted Registers Reported in Synthesis Report                  ; 100                ; 100                ;
; Clock MUX Protection                                                       ; On                 ; On                 ;
; Auto Gated Clock Conversion                                                ; Off                ; Off                ;
; Block Design Naming                                                        ; Auto               ; Auto               ;
; SDC constraint protection                                                  ; Off                ; Off                ;
; Synthesis Effort                                                           ; Auto               ; Auto               ;
; Shift Register Replacement - Allow Asynchronous Clear Signal               ; On                 ; On                 ;
; Pre-Mapping Resynthesis Optimization                                       ; Off                ; Off                ;
; Analysis & Synthesis Message Level                                         ; Medium             ; Medium             ;
; Disable Register Merging Across Hierarchies                                ; Auto               ; Auto               ;
; Resource Aware Inference For Block RAM                                     ; On                 ; On                 ;
; Synthesis Seed                                                             ; 1                  ; 1                  ;
+----------------------------------------------------------------------------+--------------------+--------------------+


Parallel compilation was disabled, but you have multiple processors available. Enable parallel compilation to reduce compilation time.
+-------------------------------------+
; Parallel Compilation                ;
+----------------------------+--------+
; Processors                 ; Number ;
+----------------------------+--------+
; Number detected on machine ; 4      ;
; Maximum allowed            ; 1      ;
+----------------------------+--------+


+---------------------------------------------------------------------------------------------------------------------------------------------------------------------------+
; Analysis & Synthesis Source Files Read                                                                                                                                    ;
+----------------------------------+-----------------+------------------------------------------+-----------------------------------------------------------------+---------+
; File Name with User-Entered Path ; Used in Netlist ; File Type                                ; File Name with Absolute Path                                    ; Library ;
+----------------------------------+-----------------+------------------------------------------+-----------------------------------------------------------------+---------+
; Mux4_16bit.bdf                   ; yes             ; User Block Diagram/Schematic File        ; E:/altera/13.0sp1/lab4/lab4/TKLLS_LAB4-main/Mux4_16bit.bdf      ;         ;
; FA.bdf                           ; yes             ; User Block Diagram/Schematic File        ; E:/altera/13.0sp1/lab4/lab4/TKLLS_LAB4-main/FA.bdf              ;         ;
; Bu2_32.bdf                       ; yes             ; User Block Diagram/Schematic File        ; E:/altera/13.0sp1/lab4/lab4/TKLLS_LAB4-main/Bu2_32.bdf          ;         ;
; 16bit_Multipler.bdf              ; yes             ; User Block Diagram/Schematic File        ; E:/altera/13.0sp1/lab4/lab4/TKLLS_LAB4-main/16bit_Multipler.bdf ;         ;
; Mux2_32bit.bdf                   ; yes             ; User Block Diagram/Schematic File        ; E:/altera/13.0sp1/lab4/lab4/TKLLS_LAB4-main/Mux2_32bit.bdf      ;         ;
; Mux2_16bit.bdf                   ; yes             ; User Block Diagram/Schematic File        ; E:/altera/13.0sp1/lab4/lab4/TKLLS_LAB4-main/Mux2_16bit.bdf      ;         ;
; FA16bit.bdf                      ; yes             ; User Block Diagram/Schematic File        ; E:/altera/13.0sp1/lab4/lab4/TKLLS_LAB4-main/FA16bit.bdf         ;         ;
; ShiftLeft16.bdf                  ; yes             ; User Block Diagram/Schematic File        ; E:/altera/13.0sp1/lab4/lab4/TKLLS_LAB4-main/ShiftLeft16.bdf     ;         ;
; LU_16bit.bdf                     ; yes             ; User Block Diagram/Schematic File        ; E:/altera/13.0sp1/lab4/lab4/TKLLS_LAB4-main/LU_16bit.bdf        ;         ;
; ALU_16bit.bdf                    ; yes             ; User Block Diagram/Schematic File        ; E:/altera/13.0sp1/lab4/lab4/TKLLS_LAB4-main/ALU_16bit.bdf       ;         ;
; mux2_4bit.bdf                    ; yes             ; Auto-Found Block Diagram/Schematic File  ; E:/altera/13.0sp1/lab4/lab4/TKLLS_LAB4-main/mux2_4bit.bdf       ;         ;
; mux2_1bit.bdf                    ; yes             ; Auto-Found Block Diagram/Schematic File  ; E:/altera/13.0sp1/lab4/lab4/TKLLS_LAB4-main/mux2_1bit.bdf       ;         ;
; au_16bit.bdf                     ; yes             ; Auto-Found Block Diagram/Schematic File  ; E:/altera/13.0sp1/lab4/lab4/TKLLS_LAB4-main/au_16bit.bdf        ;         ;
; fa4bit.bdf                       ; yes             ; Auto-Found Block Diagram/Schematic File  ; E:/altera/13.0sp1/lab4/lab4/TKLLS_LAB4-main/fa4bit.bdf          ;         ;
; lab3.bdf                         ; yes             ; Auto-Found Block Diagram/Schematic File  ; E:/altera/13.0sp1/lab4/lab4/TKLLS_LAB4-main/lab3.bdf            ;         ;
; fadder1.bdf                      ; yes             ; Auto-Found Block Diagram/Schematic File  ; E:/altera/13.0sp1/lab4/lab4/TKLLS_LAB4-main/fadder1.bdf         ;         ;
; sub16bit.bdf                     ; yes             ; Auto-Found Block Diagram/Schematic File  ; E:/altera/13.0sp1/lab4/lab4/TKLLS_LAB4-main/sub16bit.bdf        ;         ;
; bu2.bdf                          ; yes             ; Auto-Found Block Diagram/Schematic File  ; E:/altera/13.0sp1/lab4/lab4/TKLLS_LAB4-main/bu2.bdf             ;         ;
; 32bit_fa.bdf                     ; yes             ; Auto-Found Block Diagram/Schematic File  ; E:/altera/13.0sp1/lab4/lab4/TKLLS_LAB4-main/32bit_fa.bdf        ;         ;
; 16bit_fa.bdf                     ; yes             ; Auto-Found Block Diagram/Schematic File  ; E:/altera/13.0sp1/lab4/lab4/TKLLS_LAB4-main/16bit_fa.bdf        ;         ;
; 8bit_fa.bdf                      ; yes             ; Auto-Found Block Diagram/Schematic File  ; E:/altera/13.0sp1/lab4/lab4/TKLLS_LAB4-main/8bit_fa.bdf         ;         ;
; 4bit_fa.bdf                      ; yes             ; Auto-Found Block Diagram/Schematic File  ; E:/altera/13.0sp1/lab4/lab4/TKLLS_LAB4-main/4bit_fa.bdf         ;         ;
; 8bit_multipler.bdf               ; yes             ; Auto-Found Block Diagram/Schematic File  ; E:/altera/13.0sp1/lab4/lab4/TKLLS_LAB4-main/8bit_multipler.bdf  ;         ;
; 4bit_multipler.bdf               ; yes             ; Auto-Found Block Diagram/Schematic File  ; E:/altera/13.0sp1/lab4/lab4/TKLLS_LAB4-main/4bit_multipler.bdf  ;         ;
; 2bit_multipler.bdf               ; yes             ; Auto-Found Block Diagram/Schematic File  ; E:/altera/13.0sp1/lab4/lab4/TKLLS_LAB4-main/2bit_multipler.bdf  ;         ;
; and16bit.bdf                     ; yes             ; Auto-Found Block Diagram/Schematic File  ; E:/altera/13.0sp1/lab4/lab4/TKLLS_LAB4-main/and16bit.bdf        ;         ;
; and4bit.bdf                      ; yes             ; Auto-Found Block Diagram/Schematic File  ; E:/altera/13.0sp1/lab4/lab4/TKLLS_LAB4-main/and4bit.bdf         ;         ;
; and1bit.bdf                      ; yes             ; Auto-Found Block Diagram/Schematic File  ; E:/altera/13.0sp1/lab4/lab4/TKLLS_LAB4-main/and1bit.bdf         ;         ;
; or16bit.bdf                      ; yes             ; Auto-Found Block Diagram/Schematic File  ; E:/altera/13.0sp1/lab4/lab4/TKLLS_LAB4-main/or16bit.bdf         ;         ;
; nand_16bit.bdf                   ; yes             ; Auto-Found Block Diagram/Schematic File  ; E:/altera/13.0sp1/lab4/lab4/TKLLS_LAB4-main/nand_16bit.bdf      ;         ;
+----------------------------------+-----------------+------------------------------------------+-----------------------------------------------------------------+---------+


+-----------------------------------------------------+
; Analysis & Synthesis Resource Usage Summary         ;
+---------------------------------------------+-------+
; Resource                                    ; Usage ;
+---------------------------------------------+-------+
; Estimated Total logic elements              ; 186   ;
;                                             ;       ;
; Total combinational functions               ; 186   ;
; Logic element usage by number of LUT inputs ;       ;
;     -- 4 input functions                    ; 107   ;
;     -- 3 input functions                    ; 58    ;
;     -- <=2 input functions                  ; 21    ;
;                                             ;       ;
; Logic elements by mode                      ;       ;
;     -- normal mode                          ; 156   ;
;     -- arithmetic mode                      ; 30    ;
;                                             ;       ;
; Total registers                             ; 0     ;
;     -- Dedicated logic registers            ; 0     ;
;     -- I/O registers                        ; 0     ;
;                                             ;       ;
; I/O pins                                    ; 53    ;
; Embedded Multiplier 9-bit elements          ; 0     ;
; Maximum fan-out node                        ; S[1]  ;
; Maximum fan-out                             ; 30    ;
; Total fan-out                               ; 660   ;
; Average fan-out                             ; 2.76  ;
+---------------------------------------------+-------+


+------------------------------------------------------------------------------------------------------------------------------------------------------------------------------------------------------------------------------------------------------------------------+
; Analysis & Synthesis Resource Utilization by Entity                                                                                                                                                                                                                    ;
+-----------------------------------+-------------------+--------------+-------------+--------------+---------+-----------+------+--------------+---------------------------------------------------------------------------------------------------------+--------------+
; Compilation Hierarchy Node        ; LC Combinationals ; LC Registers ; Memory Bits ; DSP Elements ; DSP 9x9 ; DSP 18x18 ; Pins ; Virtual Pins ; Full Hierarchy Name                                                                                     ; Library Name ;
+-----------------------------------+-------------------+--------------+-------------+--------------+---------+-----------+------+--------------+---------------------------------------------------------------------------------------------------------+--------------+
; |ALU_16bit                        ; 186 (0)           ; 0 (0)        ; 0           ; 0            ; 0       ; 0         ; 53   ; 0            ; |ALU_16bit                                                                                              ; work         ;
;    |AU_16bit:inst|                ; 68 (0)            ; 0 (0)        ; 0           ; 0            ; 0       ; 0         ; 0    ; 0            ; |ALU_16bit|AU_16bit:inst                                                                                ; work         ;
;       |FA16bit:inst|              ; 17 (0)            ; 0 (0)        ; 0           ; 0            ; 0       ; 0         ; 0    ; 0            ; |ALU_16bit|AU_16bit:inst|FA16bit:inst                                                                   ; work         ;
;          |FA4bit:inst|            ; 17 (0)            ; 0 (0)        ; 0           ; 0            ; 0       ; 0         ; 0    ; 0            ; |ALU_16bit|AU_16bit:inst|FA16bit:inst|FA4bit:inst                                                       ; work         ;
;             |Lab3:inst1|          ; 16 (16)           ; 0 (0)        ; 0           ; 0            ; 0       ; 0         ; 0    ; 0            ; |ALU_16bit|AU_16bit:inst|FA16bit:inst|FA4bit:inst|Lab3:inst1                                            ; work         ;
;             |Lab3:inst|           ; 1 (1)             ; 0 (0)        ; 0           ; 0            ; 0       ; 0         ; 0    ; 0            ; |ALU_16bit|AU_16bit:inst|FA16bit:inst|FA4bit:inst|Lab3:inst                                             ; work         ;
;       |FAdder1:inst1|             ; 7 (0)             ; 0 (0)        ; 0           ; 0            ; 0       ; 0         ; 0    ; 0            ; |ALU_16bit|AU_16bit:inst|FAdder1:inst1                                                                  ; work         ;
;          |FA16bit:inst34|         ; 7 (0)             ; 0 (0)        ; 0           ; 0            ; 0       ; 0         ; 0    ; 0            ; |ALU_16bit|AU_16bit:inst|FAdder1:inst1|FA16bit:inst34                                                   ; work         ;
;             |FA4bit:inst2|        ; 2 (0)             ; 0 (0)        ; 0           ; 0            ; 0       ; 0         ; 0    ; 0            ; |ALU_16bit|AU_16bit:inst|FAdder1:inst1|FA16bit:inst34|FA4bit:inst2                                      ; work         ;
;                |Lab3:inst2|       ; 2 (2)             ; 0 (0)        ; 0           ; 0            ; 0       ; 0         ; 0    ; 0            ; |ALU_16bit|AU_16bit:inst|FAdder1:inst1|FA16bit:inst34|FA4bit:inst2|Lab3:inst2                           ; work         ;
;             |FA4bit:inst4|        ; 1 (0)             ; 0 (0)        ; 0           ; 0            ; 0       ; 0         ; 0    ; 0            ; |ALU_16bit|AU_16bit:inst|FAdder1:inst1|FA16bit:inst34|FA4bit:inst4                                      ; work         ;
;                |Lab3:inst1|       ; 1 (1)             ; 0 (0)        ; 0           ; 0            ; 0       ; 0         ; 0    ; 0            ; |ALU_16bit|AU_16bit:inst|FAdder1:inst1|FA16bit:inst34|FA4bit:inst4|Lab3:inst1                           ; work         ;
;             |FA4bit:inst5|        ; 3 (0)             ; 0 (0)        ; 0           ; 0            ; 0       ; 0         ; 0    ; 0            ; |ALU_16bit|AU_16bit:inst|FAdder1:inst1|FA16bit:inst34|FA4bit:inst5                                      ; work         ;
;                |Lab3:inst2|       ; 1 (1)             ; 0 (0)        ; 0           ; 0            ; 0       ; 0         ; 0    ; 0            ; |ALU_16bit|AU_16bit:inst|FAdder1:inst1|FA16bit:inst34|FA4bit:inst5|Lab3:inst2                           ; work         ;
;                |Lab3:inst|        ; 2 (2)             ; 0 (0)        ; 0           ; 0            ; 0       ; 0         ; 0    ; 0            ; |ALU_16bit|AU_16bit:inst|FAdder1:inst1|FA16bit:inst34|FA4bit:inst5|Lab3:inst                            ; work         ;
;             |FA4bit:inst|         ; 1 (0)             ; 0 (0)        ; 0           ; 0            ; 0       ; 0         ; 0    ; 0            ; |ALU_16bit|AU_16bit:inst|FAdder1:inst1|FA16bit:inst34|FA4bit:inst                                       ; work         ;
;                |Lab3:inst3|       ; 1 (1)             ; 0 (0)        ; 0           ; 0            ; 0       ; 0         ; 0    ; 0            ; |ALU_16bit|AU_16bit:inst|FAdder1:inst1|FA16bit:inst34|FA4bit:inst|Lab3:inst3                            ; work         ;
;       |Mux4_16bit:inst4|          ; 8 (0)             ; 0 (0)        ; 0           ; 0            ; 0       ; 0         ; 0    ; 0            ; |ALU_16bit|AU_16bit:inst|Mux4_16bit:inst4                                                               ; work         ;
;          |Mux2_16bit:inst4|       ; 8 (0)             ; 0 (0)        ; 0           ; 0            ; 0       ; 0         ; 0    ; 0            ; |ALU_16bit|AU_16bit:inst|Mux4_16bit:inst4|Mux2_16bit:inst4                                              ; work         ;
;             |Mux2_4bit:inst1|     ; 3 (0)             ; 0 (0)        ; 0           ; 0            ; 0       ; 0         ; 0    ; 0            ; |ALU_16bit|AU_16bit:inst|Mux4_16bit:inst4|Mux2_16bit:inst4|Mux2_4bit:inst1                              ; work         ;
;                |Mux2_1bit:inst1|  ; 1 (1)             ; 0 (0)        ; 0           ; 0            ; 0       ; 0         ; 0    ; 0            ; |ALU_16bit|AU_16bit:inst|Mux4_16bit:inst4|Mux2_16bit:inst4|Mux2_4bit:inst1|Mux2_1bit:inst1              ; work         ;
;                |Mux2_1bit:inst3|  ; 1 (1)             ; 0 (0)        ; 0           ; 0            ; 0       ; 0         ; 0    ; 0            ; |ALU_16bit|AU_16bit:inst|Mux4_16bit:inst4|Mux2_16bit:inst4|Mux2_4bit:inst1|Mux2_1bit:inst3              ; work         ;
;                |Mux2_1bit:inst|   ; 1 (1)             ; 0 (0)        ; 0           ; 0            ; 0       ; 0         ; 0    ; 0            ; |ALU_16bit|AU_16bit:inst|Mux4_16bit:inst4|Mux2_16bit:inst4|Mux2_4bit:inst1|Mux2_1bit:inst               ; work         ;
;             |Mux2_4bit:inst2|     ; 3 (0)             ; 0 (0)        ; 0           ; 0            ; 0       ; 0         ; 0    ; 0            ; |ALU_16bit|AU_16bit:inst|Mux4_16bit:inst4|Mux2_16bit:inst4|Mux2_4bit:inst2                              ; work         ;
;                |Mux2_1bit:inst1|  ; 1 (1)             ; 0 (0)        ; 0           ; 0            ; 0       ; 0         ; 0    ; 0            ; |ALU_16bit|AU_16bit:inst|Mux4_16bit:inst4|Mux2_16bit:inst4|Mux2_4bit:inst2|Mux2_1bit:inst1              ; work         ;
;                |Mux2_1bit:inst2|  ; 1 (1)             ; 0 (0)        ; 0           ; 0            ; 0       ; 0         ; 0    ; 0            ; |ALU_16bit|AU_16bit:inst|Mux4_16bit:inst4|Mux2_16bit:inst4|Mux2_4bit:inst2|Mux2_1bit:inst2              ; work         ;
;                |Mux2_1bit:inst3|  ; 1 (1)             ; 0 (0)        ; 0           ; 0            ; 0       ; 0         ; 0    ; 0            ; |ALU_16bit|AU_16bit:inst|Mux4_16bit:inst4|Mux2_16bit:inst4|Mux2_4bit:inst2|Mux2_1bit:inst3              ; work         ;
;             |Mux2_4bit:inst3|     ; 1 (0)             ; 0 (0)        ; 0           ; 0            ; 0       ; 0         ; 0    ; 0            ; |ALU_16bit|AU_16bit:inst|Mux4_16bit:inst4|Mux2_16bit:inst4|Mux2_4bit:inst3                              ; work         ;
;                |Mux2_1bit:inst1|  ; 1 (1)             ; 0 (0)        ; 0           ; 0            ; 0       ; 0         ; 0    ; 0            ; |ALU_16bit|AU_16bit:inst|Mux4_16bit:inst4|Mux2_16bit:inst4|Mux2_4bit:inst3|Mux2_1bit:inst1              ; work         ;
;             |Mux2_4bit:inst|      ; 1 (0)             ; 0 (0)        ; 0           ; 0            ; 0       ; 0         ; 0    ; 0            ; |ALU_16bit|AU_16bit:inst|Mux4_16bit:inst4|Mux2_16bit:inst4|Mux2_4bit:inst                               ; work         ;
;                |Mux2_1bit:inst3|  ; 1 (1)             ; 0 (0)        ; 0           ; 0            ; 0       ; 0         ; 0    ; 0            ; |ALU_16bit|AU_16bit:inst|Mux4_16bit:inst4|Mux2_16bit:inst4|Mux2_4bit:inst|Mux2_1bit:inst3               ; work         ;
;       |Sub16bit:inst2|            ; 36 (0)            ; 0 (0)        ; 0           ; 0            ; 0       ; 0         ; 0    ; 0            ; |ALU_16bit|AU_16bit:inst|Sub16bit:inst2                                                                 ; work         ;
;          |Bu2:inst1|              ; 20 (0)            ; 0 (0)        ; 0           ; 0            ; 0       ; 0         ; 0    ; 0            ; |ALU_16bit|AU_16bit:inst|Sub16bit:inst2|Bu2:inst1                                                       ; work         ;
;             |FAdder1:inst12|      ; 20 (0)            ; 0 (0)        ; 0           ; 0            ; 0       ; 0         ; 0    ; 0            ; |ALU_16bit|AU_16bit:inst|Sub16bit:inst2|Bu2:inst1|FAdder1:inst12                                        ; work         ;
;                |FA16bit:inst34|   ; 20 (0)            ; 0 (0)        ; 0           ; 0            ; 0       ; 0         ; 0    ; 0            ; |ALU_16bit|AU_16bit:inst|Sub16bit:inst2|Bu2:inst1|FAdder1:inst12|FA16bit:inst34                         ; work         ;
;                   |FA4bit:inst2|  ; 5 (0)             ; 0 (0)        ; 0           ; 0            ; 0       ; 0         ; 0    ; 0            ; |ALU_16bit|AU_16bit:inst|Sub16bit:inst2|Bu2:inst1|FAdder1:inst12|FA16bit:inst34|FA4bit:inst2            ; work         ;
;                      |Lab3:inst1| ; 1 (1)             ; 0 (0)        ; 0           ; 0            ; 0       ; 0         ; 0    ; 0            ; |ALU_16bit|AU_16bit:inst|Sub16bit:inst2|Bu2:inst1|FAdder1:inst12|FA16bit:inst34|FA4bit:inst2|Lab3:inst1 ; work         ;
;                      |Lab3:inst2| ; 2 (2)             ; 0 (0)        ; 0           ; 0            ; 0       ; 0         ; 0    ; 0            ; |ALU_16bit|AU_16bit:inst|Sub16bit:inst2|Bu2:inst1|FAdder1:inst12|FA16bit:inst34|FA4bit:inst2|Lab3:inst2 ; work         ;
;                      |Lab3:inst3| ; 1 (1)             ; 0 (0)        ; 0           ; 0            ; 0       ; 0         ; 0    ; 0            ; |ALU_16bit|AU_16bit:inst|Sub16bit:inst2|Bu2:inst1|FAdder1:inst12|FA16bit:inst34|FA4bit:inst2|Lab3:inst3 ; work         ;
;                      |Lab3:inst|  ; 1 (1)             ; 0 (0)        ; 0           ; 0            ; 0       ; 0         ; 0    ; 0            ; |ALU_16bit|AU_16bit:inst|Sub16bit:inst2|Bu2:inst1|FAdder1:inst12|FA16bit:inst34|FA4bit:inst2|Lab3:inst  ; work         ;
;                   |FA4bit:inst4|  ; 6 (0)             ; 0 (0)        ; 0           ; 0            ; 0       ; 0         ; 0    ; 0            ; |ALU_16bit|AU_16bit:inst|Sub16bit:inst2|Bu2:inst1|FAdder1:inst12|FA16bit:inst34|FA4bit:inst4            ; work         ;
;                      |Lab3:inst1| ; 3 (3)             ; 0 (0)        ; 0           ; 0            ; 0       ; 0         ; 0    ; 0            ; |ALU_16bit|AU_16bit:inst|Sub16bit:inst2|Bu2:inst1|FAdder1:inst12|FA16bit:inst34|FA4bit:inst4|Lab3:inst1 ; work         ;
;                      |Lab3:inst2| ; 1 (1)             ; 0 (0)        ; 0           ; 0            ; 0       ; 0         ; 0    ; 0            ; |ALU_16bit|AU_16bit:inst|Sub16bit:inst2|Bu2:inst1|FAdder1:inst12|FA16bit:inst34|FA4bit:inst4|Lab3:inst2 ; work         ;
;                      |Lab3:inst3| ; 1 (1)             ; 0 (0)        ; 0           ; 0            ; 0       ; 0         ; 0    ; 0            ; |ALU_16bit|AU_16bit:inst|Sub16bit:inst2|Bu2:inst1|FAdder1:inst12|FA16bit:inst34|FA4bit:inst4|Lab3:inst3 ; work         ;
;                      |Lab3:inst|  ; 1 (1)             ; 0 (0)        ; 0           ; 0            ; 0       ; 0         ; 0    ; 0            ; |ALU_16bit|AU_16bit:inst|Sub16bit:inst2|Bu2:inst1|FAdder1:inst12|FA16bit:inst34|FA4bit:inst4|Lab3:inst  ; work         ;
;                   |FA4bit:inst5|  ; 5 (0)             ; 0 (0)        ; 0           ; 0            ; 0       ; 0         ; 0    ; 0            ; |ALU_16bit|AU_16bit:inst|Sub16bit:inst2|Bu2:inst1|FAdder1:inst12|FA16bit:inst34|FA4bit:inst5            ; work         ;
;                      |Lab3:inst1| ; 1 (1)             ; 0 (0)        ; 0           ; 0            ; 0       ; 0         ; 0    ; 0            ; |ALU_16bit|AU_16bit:inst|Sub16bit:inst2|Bu2:inst1|FAdder1:inst12|FA16bit:inst34|FA4bit:inst5|Lab3:inst1 ; work         ;
;                      |Lab3:inst2| ; 1 (1)             ; 0 (0)        ; 0           ; 0            ; 0       ; 0         ; 0    ; 0            ; |ALU_16bit|AU_16bit:inst|Sub16bit:inst2|Bu2:inst1|FAdder1:inst12|FA16bit:inst34|FA4bit:inst5|Lab3:inst2 ; work         ;
;                      |Lab3:inst3| ; 1 (1)             ; 0 (0)        ; 0           ; 0            ; 0       ; 0         ; 0    ; 0            ; |ALU_16bit|AU_16bit:inst|Sub16bit:inst2|Bu2:inst1|FAdder1:inst12|FA16bit:inst34|FA4bit:inst5|Lab3:inst3 ; work         ;
;                      |Lab3:inst|  ; 2 (2)             ; 0 (0)        ; 0           ; 0            ; 0       ; 0         ; 0    ; 0            ; |ALU_16bit|AU_16bit:inst|Sub16bit:inst2|Bu2:inst1|FAdder1:inst12|FA16bit:inst34|FA4bit:inst5|Lab3:inst  ; work         ;
;                   |FA4bit:inst|   ; 4 (0)             ; 0 (0)        ; 0           ; 0            ; 0       ; 0         ; 0    ; 0            ; |ALU_16bit|AU_16bit:inst|Sub16bit:inst2|Bu2:inst1|FAdder1:inst12|FA16bit:inst34|FA4bit:inst             ; work         ;
;                      |Lab3:inst1| ; 1 (1)             ; 0 (0)        ; 0           ; 0            ; 0       ; 0         ; 0    ; 0            ; |ALU_16bit|AU_16bit:inst|Sub16bit:inst2|Bu2:inst1|FAdder1:inst12|FA16bit:inst34|FA4bit:inst|Lab3:inst1  ; work         ;
;                      |Lab3:inst2| ; 1 (1)             ; 0 (0)        ; 0           ; 0            ; 0       ; 0         ; 0    ; 0            ; |ALU_16bit|AU_16bit:inst|Sub16bit:inst2|Bu2:inst1|FAdder1:inst12|FA16bit:inst34|FA4bit:inst|Lab3:inst2  ; work         ;
;                      |Lab3:inst3| ; 2 (2)             ; 0 (0)        ; 0           ; 0            ; 0       ; 0         ; 0    ; 0            ; |ALU_16bit|AU_16bit:inst|Sub16bit:inst2|Bu2:inst1|FAdder1:inst12|FA16bit:inst34|FA4bit:inst|Lab3:inst3  ; work         ;
;          |FA16bit:inst|           ; 16 (0)            ; 0 (0)        ; 0           ; 0            ; 0       ; 0         ; 0    ; 0            ; |ALU_16bit|AU_16bit:inst|Sub16bit:inst2|FA16bit:inst                                                    ; work         ;
;             |FA4bit:inst|         ; 16 (0)            ; 0 (0)        ; 0           ; 0            ; 0       ; 0         ; 0    ; 0            ; |ALU_16bit|AU_16bit:inst|Sub16bit:inst2|FA16bit:inst|FA4bit:inst                                        ; work         ;
;                |Lab3:inst1|       ; 16 (16)           ; 0 (0)        ; 0           ; 0            ; 0       ; 0         ; 0    ; 0            ; |ALU_16bit|AU_16bit:inst|Sub16bit:inst2|FA16bit:inst|FA4bit:inst|Lab3:inst1                             ; work         ;
;    |LU_16bit:inst1|               ; 14 (0)            ; 0 (0)        ; 0           ; 0            ; 0       ; 0         ; 0    ; 0            ; |ALU_16bit|LU_16bit:inst1                                                                               ; work         ;
;       |ShiftLeft16:inst3|         ; 14 (0)            ; 0 (0)        ; 0           ; 0            ; 0       ; 0         ; 0    ; 0            ; |ALU_16bit|LU_16bit:inst1|ShiftLeft16:inst3                                                             ; work         ;
;          |Mux2_1bit:inst17|       ; 1 (1)             ; 0 (0)        ; 0           ; 0            ; 0       ; 0         ; 0    ; 0            ; |ALU_16bit|LU_16bit:inst1|ShiftLeft16:inst3|Mux2_1bit:inst17                                            ; work         ;
;          |Mux2_1bit:inst20|       ; 1 (1)             ; 0 (0)        ; 0           ; 0            ; 0       ; 0         ; 0    ; 0            ; |ALU_16bit|LU_16bit:inst1|ShiftLeft16:inst3|Mux2_1bit:inst20                                            ; work         ;
;          |Mux2_1bit:inst210|      ; 1 (1)             ; 0 (0)        ; 0           ; 0            ; 0       ; 0         ; 0    ; 0            ; |ALU_16bit|LU_16bit:inst1|ShiftLeft16:inst3|Mux2_1bit:inst210                                           ; work         ;
;          |Mux2_1bit:inst218|      ; 1 (1)             ; 0 (0)        ; 0           ; 0            ; 0       ; 0         ; 0    ; 0            ; |ALU_16bit|LU_16bit:inst1|ShiftLeft16:inst3|Mux2_1bit:inst218                                           ; work         ;
;          |Mux2_1bit:inst21|       ; 1 (1)             ; 0 (0)        ; 0           ; 0            ; 0       ; 0         ; 0    ; 0            ; |ALU_16bit|LU_16bit:inst1|ShiftLeft16:inst3|Mux2_1bit:inst21                                            ; work         ;
;          |Mux2_1bit:inst24|       ; 1 (1)             ; 0 (0)        ; 0           ; 0            ; 0       ; 0         ; 0    ; 0            ; |ALU_16bit|LU_16bit:inst1|ShiftLeft16:inst3|Mux2_1bit:inst24                                            ; work         ;
;          |Mux2_1bit:inst25|       ; 1 (1)             ; 0 (0)        ; 0           ; 0            ; 0       ; 0         ; 0    ; 0            ; |ALU_16bit|LU_16bit:inst1|ShiftLeft16:inst3|Mux2_1bit:inst25                                            ; work         ;
;          |Mux2_1bit:inst326|      ; 1 (1)             ; 0 (0)        ; 0           ; 0            ; 0       ; 0         ; 0    ; 0            ; |ALU_16bit|LU_16bit:inst1|ShiftLeft16:inst3|Mux2_1bit:inst326                                           ; work         ;
;          |Mux2_1bit:inst32|       ; 1 (1)             ; 0 (0)        ; 0           ; 0            ; 0       ; 0         ; 0    ; 0            ; |ALU_16bit|LU_16bit:inst1|ShiftLeft16:inst3|Mux2_1bit:inst32                                            ; work         ;
;          |Mux2_1bit:inst33|       ; 1 (1)             ; 0 (0)        ; 0           ; 0            ; 0       ; 0         ; 0    ; 0            ; |ALU_16bit|LU_16bit:inst1|ShiftLeft16:inst3|Mux2_1bit:inst33                                            ; work         ;
;          |Mux2_1bit:inst38|       ; 1 (1)             ; 0 (0)        ; 0           ; 0            ; 0       ; 0         ; 0    ; 0            ; |ALU_16bit|LU_16bit:inst1|ShiftLeft16:inst3|Mux2_1bit:inst38                                            ; work         ;
;          |Mux2_1bit:inst39|       ; 1 (1)             ; 0 (0)        ; 0           ; 0            ; 0       ; 0         ; 0    ; 0            ; |ALU_16bit|LU_16bit:inst1|ShiftLeft16:inst3|Mux2_1bit:inst39                                            ; work         ;
;          |Mux2_1bit:inst422|      ; 1 (1)             ; 0 (0)        ; 0           ; 0            ; 0       ; 0         ; 0    ; 0            ; |ALU_16bit|LU_16bit:inst1|ShiftLeft16:inst3|Mux2_1bit:inst422                                           ; work         ;
;          |Mux2_1bit:inst|         ; 1 (1)             ; 0 (0)        ; 0           ; 0            ; 0       ; 0         ; 0    ; 0            ; |ALU_16bit|LU_16bit:inst1|ShiftLeft16:inst3|Mux2_1bit:inst                                              ; work         ;
;    |Mux2_16bit:inst2|             ; 104 (0)           ; 0 (0)        ; 0           ; 0            ; 0       ; 0         ; 0    ; 0            ; |ALU_16bit|Mux2_16bit:inst2                                                                             ; work         ;
;       |Mux2_4bit:inst1|           ; 22 (0)            ; 0 (0)        ; 0           ; 0            ; 0       ; 0         ; 0    ; 0            ; |ALU_16bit|Mux2_16bit:inst2|Mux2_4bit:inst1                                                             ; work         ;
;          |Mux2_1bit:inst1|        ; 5 (5)             ; 0 (0)        ; 0           ; 0            ; 0       ; 0         ; 0    ; 0            ; |ALU_16bit|Mux2_16bit:inst2|Mux2_4bit:inst1|Mux2_1bit:inst1                                             ; work         ;
;          |Mux2_1bit:inst2|        ; 7 (7)             ; 0 (0)        ; 0           ; 0            ; 0       ; 0         ; 0    ; 0            ; |ALU_16bit|Mux2_16bit:inst2|Mux2_4bit:inst1|Mux2_1bit:inst2                                             ; work         ;
;          |Mux2_1bit:inst3|        ; 5 (5)             ; 0 (0)        ; 0           ; 0            ; 0       ; 0         ; 0    ; 0            ; |ALU_16bit|Mux2_16bit:inst2|Mux2_4bit:inst1|Mux2_1bit:inst3                                             ; work         ;
;          |Mux2_1bit:inst|         ; 5 (5)             ; 0 (0)        ; 0           ; 0            ; 0       ; 0         ; 0    ; 0            ; |ALU_16bit|Mux2_16bit:inst2|Mux2_4bit:inst1|Mux2_1bit:inst                                              ; work         ;
;       |Mux2_4bit:inst2|           ; 21 (0)            ; 0 (0)        ; 0           ; 0            ; 0       ; 0         ; 0    ; 0            ; |ALU_16bit|Mux2_16bit:inst2|Mux2_4bit:inst2                                                             ; work         ;
;          |Mux2_1bit:inst1|        ; 5 (5)             ; 0 (0)        ; 0           ; 0            ; 0       ; 0         ; 0    ; 0            ; |ALU_16bit|Mux2_16bit:inst2|Mux2_4bit:inst2|Mux2_1bit:inst1                                             ; work         ;
;          |Mux2_1bit:inst2|        ; 5 (5)             ; 0 (0)        ; 0           ; 0            ; 0       ; 0         ; 0    ; 0            ; |ALU_16bit|Mux2_16bit:inst2|Mux2_4bit:inst2|Mux2_1bit:inst2                                             ; work         ;
;          |Mux2_1bit:inst3|        ; 5 (5)             ; 0 (0)        ; 0           ; 0            ; 0       ; 0         ; 0    ; 0            ; |ALU_16bit|Mux2_16bit:inst2|Mux2_4bit:inst2|Mux2_1bit:inst3                                             ; work         ;
;          |Mux2_1bit:inst|         ; 6 (6)             ; 0 (0)        ; 0           ; 0            ; 0       ; 0         ; 0    ; 0            ; |ALU_16bit|Mux2_16bit:inst2|Mux2_4bit:inst2|Mux2_1bit:inst                                              ; work         ;
;       |Mux2_4bit:inst3|           ; 23 (0)            ; 0 (0)        ; 0           ; 0            ; 0       ; 0         ; 0    ; 0            ; |ALU_16bit|Mux2_16bit:inst2|Mux2_4bit:inst3                                                             ; work         ;
;          |Mux2_1bit:inst1|        ; 5 (5)             ; 0 (0)        ; 0           ; 0            ; 0       ; 0         ; 0    ; 0            ; |ALU_16bit|Mux2_16bit:inst2|Mux2_4bit:inst3|Mux2_1bit:inst1                                             ; work         ;
;          |Mux2_1bit:inst2|        ; 6 (6)             ; 0 (0)        ; 0           ; 0            ; 0       ; 0         ; 0    ; 0            ; |ALU_16bit|Mux2_16bit:inst2|Mux2_4bit:inst3|Mux2_1bit:inst2                                             ; work         ;
;          |Mux2_1bit:inst3|        ; 5 (5)             ; 0 (0)        ; 0           ; 0            ; 0       ; 0         ; 0    ; 0            ; |ALU_16bit|Mux2_16bit:inst2|Mux2_4bit:inst3|Mux2_1bit:inst3                                             ; work         ;
;          |Mux2_1bit:inst|         ; 7 (7)             ; 0 (0)        ; 0           ; 0            ; 0       ; 0         ; 0    ; 0            ; |ALU_16bit|Mux2_16bit:inst2|Mux2_4bit:inst3|Mux2_1bit:inst                                              ; work         ;
;       |Mux2_4bit:inst|            ; 38 (0)            ; 0 (0)        ; 0           ; 0            ; 0       ; 0         ; 0    ; 0            ; |ALU_16bit|Mux2_16bit:inst2|Mux2_4bit:inst                                                              ; work         ;
;          |Mux2_1bit:inst1|        ; 9 (9)             ; 0 (0)        ; 0           ; 0            ; 0       ; 0         ; 0    ; 0            ; |ALU_16bit|Mux2_16bit:inst2|Mux2_4bit:inst|Mux2_1bit:inst1                                              ; work         ;
;          |Mux2_1bit:inst2|        ; 10 (10)           ; 0 (0)        ; 0           ; 0            ; 0       ; 0         ; 0    ; 0            ; |ALU_16bit|Mux2_16bit:inst2|Mux2_4bit:inst|Mux2_1bit:inst2                                              ; work         ;
;          |Mux2_1bit:inst3|        ; 5 (5)             ; 0 (0)        ; 0           ; 0            ; 0       ; 0         ; 0    ; 0            ; |ALU_16bit|Mux2_16bit:inst2|Mux2_4bit:inst|Mux2_1bit:inst3                                              ; work         ;
;          |Mux2_1bit:inst|         ; 14 (14)           ; 0 (0)        ; 0           ; 0            ; 0       ; 0         ; 0    ; 0            ; |ALU_16bit|Mux2_16bit:inst2|Mux2_4bit:inst|Mux2_1bit:inst                                               ; work         ;
+-----------------------------------+-------------------+--------------+-------------+--------------+---------+-----------+------+--------------+---------------------------------------------------------------------------------------------------------+--------------+
Note: For table entries with two numbers listed, the numbers in parentheses indicate the number of resources of the given type used by the specific entity alone. The numbers listed outside of parentheses indicate the total resources of the given type used by the specific entity and all of its sub-entities in the hierarchy.


+------------------------------------------------------+
; General Register Statistics                          ;
+----------------------------------------------+-------+
; Statistic                                    ; Value ;
+----------------------------------------------+-------+
; Total registers                              ; 0     ;
; Number of registers using Synchronous Clear  ; 0     ;
; Number of registers using Synchronous Load   ; 0     ;
; Number of registers using Asynchronous Clear ; 0     ;
; Number of registers using Asynchronous Load  ; 0     ;
; Number of registers using Clock Enable       ; 0     ;
; Number of registers using Preset             ; 0     ;
+----------------------------------------------+-------+


+--------------------------------------------------------------------------------------------------------------------------------------------------------------------------------+
; Multiplexer Restructuring Statistics (Restructuring Performed)                                                                                                                 ;
+--------------------+-----------+---------------+----------------------+------------------------+------------+------------------------------------------------------------------+
; Multiplexer Inputs ; Bus Width ; Baseline Area ; Area if Restructured ; Saving if Restructured ; Registered ; Example Multiplexer Output                                       ;
+--------------------+-----------+---------------+----------------------+------------------------+------------+------------------------------------------------------------------+
; 8:1                ; 12 bits   ; 60 LEs        ; 60 LEs               ; 0 LEs                  ; No         ; |ALU_16bit|Mux2_16bit:inst2|Mux2_4bit:inst|Mux2_1bit:inst2|inst2 ;
; 9:1                ; 2 bits    ; 12 LEs        ; 12 LEs               ; 0 LEs                  ; No         ; |ALU_16bit|Mux2_16bit:inst2|Mux2_4bit:inst|Mux2_1bit:inst|inst2  ;
+--------------------+-----------+---------------+----------------------+------------------------+------------+------------------------------------------------------------------+


+-------------------------------+
; Elapsed Time Per Partition    ;
+----------------+--------------+
; Partition Name ; Elapsed Time ;
+----------------+--------------+
; Top            ; 00:00:00     ;
+----------------+--------------+


+-------------------------------+
; Analysis & Synthesis Messages ;
+-------------------------------+
Info: *******************************************************************
Info: Running Quartus II 64-Bit Analysis & Synthesis
    Info: Version 13.0.1 Build 232 06/12/2013 Service Pack 1 SJ Web Edition
    Info: Processing started: Wed Jun 14 15:47:37 2023
Info: Command: quartus_map --read_settings_files=on --write_settings_files=off main -c main
Warning (20028): Parallel compilation is not licensed and has been disabled
Info (12021): Found 1 design units, including 1 entities, in source file rfc.bdf
    Info (12023): Found entity 1: RFC
Info (12021): Found 1 design units, including 1 entities, in source file main.bdf
    Info (12023): Found entity 1: main
Info (12021): Found 1 design units, including 1 entities, in source file reg_1b.bdf
    Info (12023): Found entity 1: reg_1b
Info (12021): Found 1 design units, including 1 entities, in source file reg_8b.bdf
    Info (12023): Found entity 1: reg_8b
Info (12021): Found 1 design units, including 1 entities, in source file reg_16b.bdf
    Info (12023): Found entity 1: reg_16b
Info (12021): Found 1 design units, including 1 entities, in source file decoder3_8.bdf
    Info (12023): Found entity 1: decoder3_8
Info (12021): Found 1 design units, including 1 entities, in source file mux8_16bit.bdf
    Info (12023): Found entity 1: mux8_16bit
Info (12021): Found 1 design units, including 1 entities, in source file mux4_16bit.bdf
    Info (12023): Found entity 1: Mux4_16bit
Info (12021): Found 1 design units, including 1 entities, in source file regfile.bdf
    Info (12023): Found entity 1: RegFile
Info (12021): Found 1 design units, including 1 entities, in source file fa.bdf
    Info (12023): Found entity 1: FA
Info (12021): Found 1 design units, including 1 entities, in source file fa_4bit.bdf
    Info (12023): Found entity 1: FA_4bit
Info (12021): Found 1 design units, including 1 entities, in source file bu2_32.bdf
    Info (12023): Found entity 1: bu2_32
Info (12021): Found 1 design units, including 1 entities, in source file block1.bdf
    Info (12023): Found entity 1: Block1
Info (12021): Found 1 design units, including 1 entities, in source file 16bit_multipler.bdf
    Info (12023): Found entity 1: 16bit_Multipler
Info (12021): Found 1 design units, including 1 entities, in source file mux2_32bit.bdf
    Info (12023): Found entity 1: Mux2_32bit
Info (12021): Found 1 design units, including 1 entities, in source file mux2_16bit.bdf
    Info (12023): Found entity 1: Mux2_16bit
Info (12021): Found 1 design units, including 1 entities, in source file fa16bit.bdf
    Info (12023): Found entity 1: FA16bit
Info (12021): Found 1 design units, including 1 entities, in source file 2.bdf
    Info (12023): Found entity 1: 2
Info (12021): Found 1 design units, including 1 entities, in source file 1.bdf
    Info (12023): Found entity 1: 1
Warning (12019): Can't analyze file -- file 5.bdf is missing
Info (12021): Found 1 design units, including 1 entities, in source file 6.bdf
    Info (12023): Found entity 1: 6
Info (12021): Found 1 design units, including 1 entities, in source file 8.bdf
    Info (12023): Found entity 1: 8
Info (12021): Found 1 design units, including 1 entities, in source file shiftleft16.bdf
    Info (12023): Found entity 1: ShiftLeft16
Info (12021): Found 1 design units, including 1 entities, in source file lu_16bit.bdf
    Info (12023): Found entity 1: LU_16bit
Info (12021): Found 1 design units, including 1 entities, in source file alu_16bit.bdf
    Info (12023): Found entity 1: ALU_16bit
Info (12021): Found 1 design units, including 1 entities, in source file controlunit.bdf
    Info (12023): Found entity 1: ControlUnit
Info (12127): Elaborating entity "ALU_16bit" for the top level hierarchy
Info (12128): Elaborating entity "Mux2_16bit" for hierarchy "Mux2_16bit:inst2"
Warning (12125): Using design file mux2_4bit.bdf, which is not specified as a design file for the current project, but contains definitions for 1 design units and 1 entities in project
    Info (12023): Found entity 1: Mux2_4bit
Info (12128): Elaborating entity "Mux2_4bit" for hierarchy "Mux2_16bit:inst2|Mux2_4bit:inst"
Warning (12125): Using design file mux2_1bit.bdf, which is not specified as a design file for the current project, but contains definitions for 1 design units and 1 entities in project
    Info (12023): Found entity 1: Mux2_1bit
Info (12128): Elaborating entity "Mux2_1bit" for hierarchy "Mux2_16bit:inst2|Mux2_4bit:inst|Mux2_1bit:inst"
Warning (12125): Using design file au_16bit.bdf, which is not specified as a design file for the current project, but contains definitions for 1 design units and 1 entities in project
    Info (12023): Found entity 1: AU_16bit
Info (12128): Elaborating entity "AU_16bit" for hierarchy "AU_16bit:inst"
Info (12128): Elaborating entity "Mux4_16bit" for hierarchy "AU_16bit:inst|Mux4_16bit:inst4"
Info (12128): Elaborating entity "FA16bit" for hierarchy "AU_16bit:inst|FA16bit:inst"
Warning (12125): Using design file fa4bit.bdf, which is not specified as a design file for the current project, but contains definitions for 1 design units and 1 entities in project
    Info (12023): Found entity 1: FA4bit
Info (12128): Elaborating entity "FA4bit" for hierarchy "AU_16bit:inst|FA16bit:inst|FA4bit:inst5"
Warning (12125): Using design file lab3.bdf, which is not specified as a design file for the current project, but contains definitions for 1 design units and 1 entities in project
    Info (12023): Found entity 1: Lab3
Info (12128): Elaborating entity "Lab3" for hierarchy "AU_16bit:inst|FA16bit:inst|FA4bit:inst5|Lab3:inst3"
Warning (12125): Using design file fadder1.bdf, which is not specified as a design file for the current project, but contains definitions for 1 design units and 1 entities in project
    Info (12023): Found entity 1: FAdder1
Info (12128): Elaborating entity "FAdder1" for hierarchy "AU_16bit:inst|FAdder1:inst1"
Warning (275011): Block or symbol "GND" of instance "inst9" overlaps another block or symbol
Warning (275011): Block or symbol "GND" of instance "inst14" overlaps another block or symbol
Warning (12125): Using design file sub16bit.bdf, which is not specified as a design file for the current project, but contains definitions for 1 design units and 1 entities in project
    Info (12023): Found entity 1: Sub16bit
Info (12128): Elaborating entity "Sub16bit" for hierarchy "AU_16bit:inst|Sub16bit:inst2"
Warning (275011): Block or symbol "NOT" of instance "inst2" overlaps another block or symbol
Warning (12125): Using design file bu2.bdf, which is not specified as a design file for the current project, but contains definitions for 1 design units and 1 entities in project
    Info (12023): Found entity 1: Bu2
Info (12128): Elaborating entity "Bu2" for hierarchy "AU_16bit:inst|Sub16bit:inst2|Bu2:inst1"
Info (12128): Elaborating entity "16bit_Multipler" for hierarchy "AU_16bit:inst|16bit_Multipler:inst5"
Info (12128): Elaborating entity "Mux2_32bit" for hierarchy "AU_16bit:inst|16bit_Multipler:inst5|Mux2_32bit:inst23"
Warning (12125): Using design file 32bit_fa.bdf, which is not specified as a design file for the current project, but contains definitions for 1 design units and 1 entities in project
    Info (12023): Found entity 1: 32bit_FA
Info (12128): Elaborating entity "32bit_FA" for hierarchy "AU_16bit:inst|16bit_Multipler:inst5|32bit_FA:inst6"
Warning (12125): Using design file 16bit_fa.bdf, which is not specified as a design file for the current project, but contains definitions for 1 design units and 1 entities in project
    Info (12023): Found entity 1: 16bit_FA
Info (12128): Elaborating entity "16bit_FA" for hierarchy "AU_16bit:inst|16bit_Multipler:inst5|32bit_FA:inst6|16bit_FA:inst1"
Warning (12125): Using design file 8bit_fa.bdf, which is not specified as a design file for the current project, but contains definitions for 1 design units and 1 entities in project
    Info (12023): Found entity 1: 8bit_FA
Info (12128): Elaborating entity "8bit_FA" for hierarchy "AU_16bit:inst|16bit_Multipler:inst5|32bit_FA:inst6|16bit_FA:inst1|8bit_FA:inst1"
Warning (12125): Using design file 4bit_fa.bdf, which is not specified as a design file for the current project, but contains definitions for 1 design units and 1 entities in project
    Info (12023): Found entity 1: 4bit_FA
Info (12128): Elaborating entity "4bit_FA" for hierarchy "AU_16bit:inst|16bit_Multipler:inst5|32bit_FA:inst6|16bit_FA:inst1|8bit_FA:inst1|4bit_FA:inst1"
Info (12128): Elaborating entity "FA" for hierarchy "AU_16bit:inst|16bit_Multipler:inst5|32bit_FA:inst6|16bit_FA:inst1|8bit_FA:inst1|4bit_FA:inst1|FA:inst3"
Warning (12125): Using design file 8bit_multipler.bdf, which is not specified as a design file for the current project, but contains definitions for 1 design units and 1 entities in project
    Info (12023): Found entity 1: 8bit_Multipler
Info (12128): Elaborating entity "8bit_Multipler" for hierarchy "AU_16bit:inst|16bit_Multipler:inst5|8bit_Multipler:inst"
Warning (12125): Using design file 4bit_multipler.bdf, which is not specified as a design file for the current project, but contains definitions for 1 design units and 1 entities in project
    Info (12023): Found entity 1: 4bit_Multipler
Info (12128): Elaborating entity "4bit_Multipler" for hierarchy "AU_16bit:inst|16bit_Multipler:inst5|8bit_Multipler:inst|4bit_Multipler:inst"
Warning (12125): Using design file 2bit_multipler.bdf, which is not specified as a design file for the current project, but contains definitions for 1 design units and 1 entities in project
    Info (12023): Found entity 1: 2bit_Multipler
Info (12128): Elaborating entity "2bit_Multipler" for hierarchy "AU_16bit:inst|16bit_Multipler:inst5|8bit_Multipler:inst|4bit_Multipler:inst|2bit_Multipler:inst"
Info (12128): Elaborating entity "bu2_32" for hierarchy "AU_16bit:inst|16bit_Multipler:inst5|bu2_32:inst22"
Info (12128): Elaborating entity "LU_16bit" for hierarchy "LU_16bit:inst1"
Warning (12125): Using design file and16bit.bdf, which is not specified as a design file for the current project, but contains definitions for 1 design units and 1 entities in project
    Info (12023): Found entity 1: AND16BIT
Info (12128): Elaborating entity "AND16BIT" for hierarchy "LU_16bit:inst1|AND16BIT:inst"
Warning (12125): Using design file and4bit.bdf, which is not specified as a design file for the current project, but contains definitions for 1 design units and 1 entities in project
    Info (12023): Found entity 1: AND4BIT
Info (12128): Elaborating entity "AND4BIT" for hierarchy "LU_16bit:inst1|AND16BIT:inst|AND4BIT:inst"
Warning (12125): Using design file and1bit.bdf, which is not specified as a design file for the current project, but contains definitions for 1 design units and 1 entities in project
    Info (12023): Found entity 1: And1bit
Info (12128): Elaborating entity "And1bit" for hierarchy "LU_16bit:inst1|AND16BIT:inst|AND4BIT:inst|And1bit:inst"
Warning (12125): Using design file or16bit.bdf, which is not specified as a design file for the current project, but contains definitions for 1 design units and 1 entities in project
    Info (12023): Found entity 1: OR16bit
Info (12128): Elaborating entity "OR16bit" for hierarchy "LU_16bit:inst1|OR16bit:inst1"
Warning (12125): Using design file nand_16bit.bdf, which is not specified as a design file for the current project, but contains definitions for 1 design units and 1 entities in project
    Info (12023): Found entity 1: NAND_16bit
Info (12128): Elaborating entity "NAND_16bit" for hierarchy "LU_16bit:inst1|OR16bit:inst1|NAND_16bit:inst2"
Info (12128): Elaborating entity "ShiftLeft16" for hierarchy "LU_16bit:inst1|ShiftLeft16:inst3"
Info (16010): Generating hard_block partition "hard_block:auto_generated_inst"
    Info (16011): Adding 0 node(s), including 0 DDIO, 0 PLL, 0 transceiver and 0 LCELL
Info (21057): Implemented 239 device resources after synthesis - the final resource count might be different
    Info (21058): Implemented 37 input pins
    Info (21059): Implemented 16 output pins
    Info (21061): Implemented 186 logic cells
Info: Quartus II 64-Bit Analysis & Synthesis was successful. 0 errors, 25 warnings
    Info: Peak virtual memory: 4609 megabytes
    Info: Processing ended: Wed Jun 14 15:47:44 2023
    Info: Elapsed time: 00:00:07
    Info: Total CPU time (on all processors): 00:00:07


